
Circuit: ex1a lib problem

Doing analysis at TEMP = 27.000000 and TNOM = 27.000000


No. of Data Rows : 1
v(check0) = 0.000000e+00
INFO: ok
